2026-02-19 16:24:17,835 - trainer - INFO - Extracting features for v5...
2026-02-19 16:24:17,963 - trainer - INFO - Extracted 22 features from 918 samples
2026-02-19 16:24:17,964 - trainer - INFO - Feature names: ['raw_acc_x_min', 'raw_acc_x_max', 'raw_acc_x_mean', 'raw_acc_x_var', 'raw_acc_y_min', 'raw_acc_y_max', 'raw_acc_y_mean', 'raw_acc_y_var', 'raw_acc_z_min', 'raw_acc_z_max', 'raw_acc_z_mean', 'raw_acc_z_var', 'raw_acc_mag_min', 'raw_acc_mag_max', 'raw_acc_mag_mean', 'raw_acc_mag_var', 'raw_pressure_min', 'raw_pressure_max', 'raw_pressure_mean', 'raw_pressure_var', 'raw_pressure_range', 'raw_pressure_slope']
2026-02-19 16:24:17,964 - trainer - INFO - Starting training for v5 at 20260219_162417
2026-02-19 16:24:17,964 - trainer - INFO - Dataset: 918 samples (420 FALL, 498 ADL)
2026-02-19 16:24:17,965 - trainer - INFO - Train set:      642 samples
2026-02-19 16:24:17,965 - trainer - INFO - Validation set: 92 samples
2026-02-19 16:24:17,966 - trainer - INFO - Test set:       184 samples
2026-02-19 16:24:17,966 - trainer - INFO - XGBoost parameters: {
  "n_estimators": 100,
  "max_depth": 6,
  "min_child_weight": 1,
  "learning_rate": 0.1,
  "subsample": 0.8,
  "colsample_bytree": 0.8,
  "reg_alpha": 0.0,
  "reg_lambda": 1.0,
  "objective": "binary:logistic",
  "eval_metric": "logloss",
  "random_state": 42,
  "n_jobs": -1,
  "use_label_encoder": false
}
2026-02-19 16:24:18,018 - trainer - INFO - Training metrics:   {'accuracy': 1.0, 'precision': 1.0, 'recall': 1.0, 'f1': 1.0}
2026-02-19 16:24:18,018 - trainer - INFO - Validation metrics: {'accuracy': 0.9782608695652174, 'precision': 0.9545454545454546, 'recall': 1.0, 'f1': 0.9767441860465116}
2026-02-19 16:24:18,018 - trainer - INFO - Validation AUC: 1.0000
2026-02-19 16:24:18,018 - trainer - INFO - Test metrics: {'accuracy': 0.9836956521739131, 'precision': 0.9879518072289156, 'recall': 0.9761904761904762, 'f1': 0.9820359281437125}
2026-02-19 16:24:18,018 - trainer - INFO - Test AUC: 0.9952
2026-02-19 16:24:18,172 - trainer - INFO - CV F1 scores: [1.0, 0.9764705882352941, 0.9940119760479041, 0.9940119760479041, 0.9940119760479041]
2026-02-19 16:24:18,173 - trainer - INFO - CV F1 mean: 0.9917 (+/- 0.0080)
2026-02-19 16:24:18,174 - trainer - INFO - Confusion matrix:
[[99  1]
 [ 2 82]]
2026-02-19 16:24:18,174 - trainer - INFO - Feature importance: {
  "raw_acc_mag_max": 0.3621855080127716,
  "raw_acc_x_max": 0.18617945909500122,
  "raw_acc_z_max": 0.06271471828222275,
  "raw_acc_x_mean": 0.05094325542449951,
  "raw_acc_mag_mean": 0.047194987535476685,
  "raw_acc_z_min": 0.03968897834420204,
  "raw_acc_x_min": 0.03304702788591385,
  "raw_pressure_var": 0.02916126884520054,
  "raw_acc_mag_var": 0.027511872351169586,
  "raw_pressure_min": 0.024409351870417595,
  "raw_pressure_slope": 0.02166731283068657,
  "raw_pressure_range": 0.021002119407057762,
  "raw_pressure_max": 0.018237464129924774,
  "raw_acc_y_min": 0.017778145149350166,
  "raw_pressure_mean": 0.015614384785294533,
  "raw_acc_y_max": 0.012905015610158443,
  "raw_acc_mag_min": 0.010112530551850796,
  "raw_acc_y_mean": 0.009153896011412144,
  "raw_acc_x_var": 0.0062371366657316685,
  "raw_acc_z_mean": 0.002924771746620536,
  "raw_acc_y_var": 0.001330770319327712,
  "raw_acc_z_var": 0.0
}
2026-02-19 16:24:18,178 - trainer - INFO - Classification report:
              precision    recall  f1-score   support

           0       0.98      0.99      0.99       100
           1       0.99      0.98      0.98        84

    accuracy                           0.98       184
   macro avg       0.98      0.98      0.98       184
weighted avg       0.98      0.98      0.98       184

2026-02-19 16:24:18,180 - trainer - INFO - Model saved to C:\Users\hayat\Documents\6G\FD_Model_Training\FD_ACCBARO\model_training\model_v5\model_v5_xgboost.pkl
2026-02-19 16:24:18,181 - trainer - INFO - Results saved to C:\Users\hayat\Documents\6G\FD_Model_Training\FD_ACCBARO\model_training\model_v5\training_results.json
2026-02-19 16:24:18,182 - trainer - INFO - Extracting features for v1_tuned...
2026-02-19 16:24:18,182 - trainer - ERROR - Failed to train v1_tuned: Unknown model version: ModelVersion.V1_TUNED
2026-02-19 16:24:18,183 - trainer - INFO - Extracting features for v3_tuned...
2026-02-19 16:24:18,183 - trainer - ERROR - Failed to train v3_tuned: Unknown model version: ModelVersion.V3_TUNED
