2026-02-10 13:36:52,355 - __main__ - INFO - ======================================================================
2026-02-10 13:36:52,355 - __main__ - INFO - FALL DETECTION INTEGER MODEL TRAINING STARTED
2026-02-10 13:36:52,355 - __main__ - INFO - ======================================================================
2026-02-10 13:36:52,355 - __main__ - INFO - Training versions: ['v0']
2026-02-10 13:36:52,355 - __main__ - INFO - XGBoost config: n_estimators=100, max_depth=6, lr=0.1
2026-02-10 13:36:52,355 - __main__ - INFO - Loading dataset (integer mode - no float conversion)...
2026-02-10 13:36:52,357 - data_loader_integerVer - INFO - Loading 420 files from C:\Users\hayat\Documents\6G\FD_Model_Training\FD_ACCBARO\traing_dataset\Fall
2026-02-10 13:37:01,320 - data_loader_integerVer - INFO - Successfully loaded 420 files
2026-02-10 13:37:01,321 - data_loader_integerVer - INFO - Loading 498 files from C:\Users\hayat\Documents\6G\FD_Model_Training\FD_ACCBARO\traing_dataset\ADL
2026-02-10 13:37:11,773 - data_loader_integerVer - INFO - Successfully loaded 498 files
2026-02-10 13:37:11,773 - data_loader_integerVer - INFO - Dataset loaded: 420 FALL, 498 ADL samples
2026-02-10 13:37:11,774 - __main__ - INFO - Dataset loaded: {'n_fall': 420, 'n_adl': 498, 'n_total': 918, 'acc_samples': {'min': 202, 'max': 477, 'mean': 445}, 'baro_samples': {'min': 121, 'max': 238, 'mean': 223}, 'duration_seconds': {'min': np.float64(0.004), 'max': np.float64(0.009), 'mean': 0}, 'data_type': 'integer'}
2026-02-10 13:37:11,776 - trainer_integerVer - INFO - Extracting INTEGER features for v0...
2026-02-10 13:37:11,818 - trainer_integerVer - INFO - Extracted 16 integer features from 918 samples
2026-02-10 13:37:11,818 - trainer_integerVer - INFO - Feature names: ['acc_x_min', 'acc_x_max', 'acc_x_mean', 'acc_x_var', 'acc_y_min', 'acc_y_max', 'acc_y_mean', 'acc_y_var', 'acc_z_min', 'acc_z_max', 'acc_z_mean', 'acc_z_var', 'acc_mag_min', 'acc_mag_max', 'acc_mag_mean', 'acc_mag_var']
2026-02-10 13:37:11,819 - trainer_integerVer - INFO - Feature dtype: int64
2026-02-10 13:37:11,819 - trainer_integerVer - INFO - Feature value ranges:
2026-02-10 13:37:11,819 - trainer_integerVer - INFO -   acc_x_min: [-32768, -438] mean=-14396
2026-02-10 13:37:11,829 - trainer_integerVer - INFO -   acc_x_max: [-3746, 24184] mean=5803
2026-02-10 13:37:11,829 - trainer_integerVer - INFO -   acc_x_mean: [-6148, 2214] mean=-2059
2026-02-10 13:37:11,829 - trainer_integerVer - INFO -   acc_x_var: [566, 23350870] mean=5971851
2026-02-10 13:37:11,830 - trainer_integerVer - INFO -   acc_y_min: [-32768, -1512] mean=-12455
2026-02-10 13:37:11,830 - trainer_integerVer - INFO -   acc_y_max: [-2971, 32765] mean=7892
2026-02-10 13:37:11,830 - trainer_integerVer - INFO -   acc_y_mean: [-3868, 3270] mean=-1591
2026-02-10 13:37:11,830 - trainer_integerVer - INFO -   acc_y_var: [2186, 16859206] mean=3833469
2026-02-10 13:37:11,830 - trainer_integerVer - INFO -   acc_z_min: [-32768, 2323] mean=-9330
2026-02-10 13:37:11,830 - trainer_integerVer - INFO -   acc_z_max: [-727, 32749] mean=10068
2026-02-10 13:37:11,830 - trainer_integerVer - INFO -   acc_z_mean: [-3810, 3580] mean=104
2026-02-10 13:37:11,830 - trainer_integerVer - INFO -   acc_z_var: [1052, 19272466] mean=4004688
2026-02-10 13:37:11,830 - trainer_integerVer - INFO -   acc_mag_min: [188, 4003] mean=1611
2026-02-10 13:37:11,831 - trainer_integerVer - INFO -   acc_mag_max: [4185, 56726] mean=21956
2026-02-10 13:37:11,831 - trainer_integerVer - INFO -   acc_mag_mean: [4013, 7371] mean=4563
2026-02-10 13:37:11,831 - trainer_integerVer - INFO -   acc_mag_var: [410, 24976485] mean=5032973
2026-02-10 13:37:11,831 - trainer_integerVer - INFO - Starting INTEGER training for v0 at 20260210_133711
2026-02-10 13:37:11,831 - trainer_integerVer - INFO - Dataset: 918 samples (420 FALL, 498 ADL)
2026-02-10 13:37:11,832 - trainer_integerVer - INFO - Train set: 734 samples
2026-02-10 13:37:11,832 - trainer_integerVer - INFO - Test set: 184 samples
2026-02-10 13:37:11,832 - trainer_integerVer - INFO - XGBoost parameters: {
  "n_estimators": 100,
  "max_depth": 6,
  "min_child_weight": 1,
  "learning_rate": 0.1,
  "subsample": 0.8,
  "colsample_bytree": 0.8,
  "reg_alpha": 0.0,
  "reg_lambda": 1.0,
  "objective": "binary:logistic",
  "eval_metric": "logloss",
  "random_state": 42,
  "n_jobs": -1,
  "use_label_encoder": false
}
2026-02-10 13:37:12,033 - trainer_integerVer - INFO - Training metrics: {'accuracy': 1.0, 'precision': 1.0, 'recall': 1.0, 'f1': 1.0}
2026-02-10 13:37:12,034 - trainer_integerVer - INFO - Test metrics: {'accuracy': 0.9891304347826086, 'precision': 1.0, 'recall': 0.9761904761904762, 'f1': 0.9879518072289156}
2026-02-10 13:37:12,034 - trainer_integerVer - INFO - Test AUC: 0.9951
2026-02-10 13:37:12,258 - trainer_integerVer - INFO - CV F1 scores: [1.0, 0.9882352941176471, 1.0, 0.9940119760479041, 0.9940119760479041]
2026-02-10 13:37:12,259 - trainer_integerVer - INFO - CV F1 mean: 0.9953 (+/- 0.0044)
2026-02-10 13:37:12,260 - trainer_integerVer - INFO - Confusion matrix:
[[100   0]
 [  2  82]]
2026-02-10 13:37:12,261 - trainer_integerVer - INFO - Feature importance: {
  "acc_mag_max": 0.24515245854854584,
  "acc_x_max": 0.24444061517715454,
  "acc_y_min": 0.11811129748821259,
  "acc_z_max": 0.05950197950005531,
  "acc_y_max": 0.04634620621800423,
  "acc_x_mean": 0.043190617114305496,
  "acc_mag_var": 0.04074609652161598,
  "acc_x_min": 0.03954499214887619,
  "acc_mag_mean": 0.031062036752700806,
  "acc_y_mean": 0.025136899203062057,
  "acc_y_var": 0.02354409731924534,
  "acc_z_min": 0.023194728419184685,
  "acc_mag_min": 0.02000516466796398,
  "acc_z_mean": 0.018478864803910255,
  "acc_x_var": 0.015044080093502998,
  "acc_z_var": 0.006499842740595341
}
2026-02-10 13:37:12,265 - trainer_integerVer - INFO - Classification report:
              precision    recall  f1-score   support

           0       0.98      1.00      0.99       100
           1       1.00      0.98      0.99        84

    accuracy                           0.99       184
   macro avg       0.99      0.99      0.99       184
weighted avg       0.99      0.99      0.99       184

2026-02-10 13:37:12,276 - trainer_integerVer - INFO - Model saved to C:\Users\hayat\Documents\6G\FD_Model_Training\FD_ACCBARO\model_training_intgerVer\model_v0_int\model_v0_int_xgboost.pkl
2026-02-10 13:37:12,277 - trainer_integerVer - INFO - Results saved to C:\Users\hayat\Documents\6G\FD_Model_Training\FD_ACCBARO\model_training_intgerVer\model_v0_int\training_results.json
