2026-04-09 15:31:57,774 [INFO] ============================================================
2026-04-09 15:31:57,774 [INFO] Fall Detection Server  [6G / Charite Integration]
2026-04-09 15:31:57,775 [INFO]   Model:            V0  (V0)
2026-04-09 15:31:57,775 [INFO]   Uses barometer:   False
2026-04-09 15:31:57,775 [INFO]   Features:         16
2026-04-09 15:31:57,775 [INFO]   Sensor type:      bosch  (25 Hz → 50 Hz)
2026-04-09 15:31:57,775 [INFO]   Window:           9s × 50Hz = 450 samples
2026-04-09 15:31:57,775 [INFO]   FHIR server:      (not configured — results not pushed)
2026-04-09 15:31:57,775 [INFO]   Redis fall pub:   (not configured — no Redis publishing)
2026-04-09 15:31:57,775 [INFO] ============================================================
2026-04-09 15:32:04,413 [INFO] Predict: patient=charite-patient-001  device=smarko-wearable-01  n_samples=268
2026-04-09 15:32:04,414 [INFO]   Resampled 25Hz → 50Hz (536 samples)
2026-04-09 15:32:04,418 [INFO]   → fall=False  confidence=0.002  latency=5ms
2026-04-09 15:32:16,594 [INFO] Predict: patient=charite-patient-001  device=smarko-wearable-01  n_samples=348
2026-04-09 15:32:16,595 [INFO]   Resampled 25Hz → 50Hz (696 samples)
2026-04-09 15:32:16,597 [INFO]   → fall=False  confidence=0.002  latency=2ms
2026-04-09 15:32:28,771 [INFO] Predict: patient=charite-patient-001  device=smarko-wearable-01  n_samples=282
2026-04-09 15:32:28,772 [INFO]   Resampled 25Hz → 50Hz (564 samples)
2026-04-09 15:32:28,775 [INFO]   → fall=False  confidence=0.002  latency=3ms
2026-04-09 15:32:40,940 [INFO] Predict: patient=charite-patient-001  device=smarko-wearable-01  n_samples=231
2026-04-09 15:32:40,941 [INFO]   Resampled 25Hz → 50Hz (462 samples)
2026-04-09 15:32:40,944 [INFO]   → fall=False  confidence=0.002  latency=3ms
2026-04-09 15:32:53,190 [INFO] Predict: patient=charite-patient-001  device=smarko-wearable-01  n_samples=302
2026-04-09 15:32:53,191 [INFO]   Resampled 25Hz → 50Hz (604 samples)
2026-04-09 15:32:53,193 [INFO]   → fall=False  confidence=0.002  latency=3ms
2026-04-09 15:33:05,352 [INFO] Predict: patient=charite-patient-001  device=smarko-wearable-01  n_samples=242
2026-04-09 15:33:05,352 [INFO]   Resampled 25Hz → 50Hz (484 samples)
2026-04-09 15:33:05,355 [INFO]   → fall=True  confidence=0.995  latency=2ms
2026-04-09 15:33:17,550 [INFO] Predict: patient=charite-patient-001  device=smarko-wearable-01  n_samples=314
2026-04-09 15:33:17,551 [INFO]   Resampled 25Hz → 50Hz (628 samples)
2026-04-09 15:33:17,553 [INFO]   → fall=False  confidence=0.002  latency=2ms
2026-04-09 15:33:29,897 [INFO] Predict: patient=charite-patient-001  device=smarko-wearable-01  n_samples=264
2026-04-09 15:33:29,897 [INFO]   Resampled 25Hz → 50Hz (528 samples)
2026-04-09 15:33:29,901 [INFO]   → fall=False  confidence=0.002  latency=3ms
2026-04-09 15:33:42,088 [INFO] Predict: patient=charite-patient-001  device=smarko-wearable-01  n_samples=330
2026-04-09 15:33:42,088 [INFO]   Resampled 25Hz → 50Hz (660 samples)
2026-04-09 15:33:42,091 [INFO]   → fall=False  confidence=0.002  latency=2ms
2026-04-09 15:33:54,257 [INFO] Predict: patient=charite-patient-001  device=smarko-wearable-01  n_samples=273
2026-04-09 15:33:54,258 [INFO]   Resampled 25Hz → 50Hz (546 samples)
2026-04-09 15:33:54,260 [INFO]   → fall=False  confidence=0.002  latency=3ms
2026-04-09 15:34:06,446 [INFO] Predict: patient=charite-patient-001  device=smarko-wearable-01  n_samples=342
2026-04-09 15:34:06,447 [INFO]   Resampled 25Hz → 50Hz (684 samples)
2026-04-09 15:34:06,449 [INFO]   → fall=False  confidence=0.002  latency=2ms
2026-04-09 15:34:18,639 [INFO] Predict: patient=charite-patient-001  device=smarko-wearable-01  n_samples=294
2026-04-09 15:34:18,640 [INFO]   Resampled 25Hz → 50Hz (588 samples)
2026-04-09 15:34:18,642 [INFO]   → fall=False  confidence=0.002  latency=3ms
2026-04-09 15:34:30,805 [INFO] Predict: patient=charite-patient-001  device=smarko-wearable-01  n_samples=236
2026-04-09 15:34:30,806 [INFO]   Resampled 25Hz → 50Hz (472 samples)
2026-04-09 15:34:30,808 [INFO]   → fall=False  confidence=0.002  latency=3ms
2026-04-09 15:34:42,964 [INFO] Predict: patient=charite-patient-001  device=smarko-wearable-01  n_samples=308
2026-04-09 15:34:42,964 [INFO]   Resampled 25Hz → 50Hz (616 samples)
2026-04-09 15:34:42,966 [INFO]   → fall=False  confidence=0.002  latency=2ms
2026-04-09 15:34:55,148 [INFO] Predict: patient=charite-patient-001  device=smarko-wearable-01  n_samples=253
2026-04-09 15:34:55,148 [INFO]   Resampled 25Hz → 50Hz (506 samples)
2026-04-09 15:34:55,151 [INFO]   → fall=False  confidence=0.002  latency=2ms
2026-04-09 15:35:07,335 [INFO] Predict: patient=charite-patient-001  device=smarko-wearable-01  n_samples=330
2026-04-09 15:35:07,336 [INFO]   Resampled 25Hz → 50Hz (660 samples)
2026-04-09 15:35:07,338 [INFO]   → fall=False  confidence=0.002  latency=3ms
2026-04-09 15:35:19,506 [INFO] Predict: patient=charite-patient-001  device=smarko-wearable-01  n_samples=276
2026-04-09 15:35:19,506 [INFO]   Resampled 25Hz → 50Hz (552 samples)
2026-04-09 15:35:19,508 [INFO]   → fall=False  confidence=0.002  latency=2ms
2026-04-09 15:35:31,683 [INFO] Predict: patient=charite-patient-001  device=smarko-wearable-01  n_samples=341
2026-04-09 15:35:31,684 [INFO]   Resampled 25Hz → 50Hz (682 samples)
2026-04-09 15:35:31,686 [INFO]   → fall=False  confidence=0.002  latency=2ms
2026-04-09 15:35:43,975 [INFO] Predict: patient=charite-patient-001  device=smarko-wearable-01  n_samples=290
2026-04-09 15:35:43,977 [INFO]   Resampled 25Hz → 50Hz (580 samples)
2026-04-09 15:35:43,979 [INFO]   → fall=False  confidence=0.002  latency=4ms
2026-04-09 15:35:56,142 [INFO] Predict: patient=charite-patient-001  device=smarko-wearable-01  n_samples=231
2026-04-09 15:35:56,142 [INFO]   Resampled 25Hz → 50Hz (462 samples)
2026-04-09 15:35:56,145 [INFO]   → fall=False  confidence=0.002  latency=3ms
2026-04-09 15:36:08,326 [INFO] Predict: patient=charite-patient-001  device=smarko-wearable-01  n_samples=303
2026-04-09 15:36:08,327 [INFO]   Resampled 25Hz → 50Hz (606 samples)
2026-04-09 15:36:08,329 [INFO]   → fall=False  confidence=0.002  latency=2ms
2026-04-09 15:36:20,507 [INFO] Predict: patient=charite-patient-001  device=smarko-wearable-01  n_samples=251
2026-04-09 15:36:20,507 [INFO]   Resampled 25Hz → 50Hz (502 samples)
2026-04-09 15:36:20,510 [INFO]   → fall=False  confidence=0.002  latency=3ms
2026-04-09 15:36:32,679 [INFO] Predict: patient=charite-patient-001  device=smarko-wearable-01  n_samples=322
2026-04-09 15:36:32,680 [INFO]   Resampled 25Hz → 50Hz (644 samples)
2026-04-09 15:36:32,683 [INFO]   → fall=False  confidence=0.002  latency=3ms
2026-04-09 15:36:44,824 [INFO] Predict: patient=charite-patient-001  device=smarko-wearable-01  n_samples=268
2026-04-09 15:36:44,825 [INFO]   Resampled 25Hz → 50Hz (536 samples)
2026-04-09 15:36:44,828 [INFO]   → fall=False  confidence=0.002  latency=3ms
2026-04-09 15:36:56,991 [INFO] Predict: patient=charite-patient-001  device=smarko-wearable-01  n_samples=337
2026-04-09 15:36:56,992 [INFO]   Resampled 25Hz → 50Hz (674 samples)
2026-04-09 15:36:56,994 [INFO]   → fall=False  confidence=0.002  latency=2ms
2026-04-09 15:37:09,151 [INFO] Predict: patient=charite-patient-001  device=smarko-wearable-01  n_samples=286
2026-04-09 15:37:09,152 [INFO]   Resampled 25Hz → 50Hz (572 samples)
2026-04-09 15:37:09,154 [INFO]   → fall=False  confidence=0.002  latency=2ms
2026-04-09 15:37:21,287 [INFO] Predict: patient=charite-patient-001  device=smarko-wearable-01  n_samples=233
2026-04-09 15:37:21,288 [INFO]   Resampled 25Hz → 50Hz (466 samples)
2026-04-09 15:37:21,290 [INFO]   → fall=False  confidence=0.002  latency=3ms
2026-04-09 15:37:33,716 [INFO] Predict: patient=charite-patient-001  device=smarko-wearable-01  n_samples=296
2026-04-09 15:37:33,717 [INFO]   Resampled 25Hz → 50Hz (592 samples)
2026-04-09 15:37:33,720 [INFO]   → fall=False  confidence=0.002  latency=4ms
2026-04-09 15:37:45,889 [INFO] Predict: patient=charite-patient-001  device=smarko-wearable-01  n_samples=245
2026-04-09 15:37:45,889 [INFO]   Resampled 25Hz → 50Hz (490 samples)
2026-04-09 15:37:45,892 [INFO]   → fall=False  confidence=0.002  latency=3ms
2026-04-09 15:37:58,334 [INFO] Predict: patient=charite-patient-001  device=smarko-wearable-01  n_samples=311
2026-04-09 15:37:58,334 [INFO]   Resampled 25Hz → 50Hz (622 samples)
2026-04-09 15:37:58,337 [INFO]   → fall=False  confidence=0.002  latency=2ms
2026-04-09 15:38:10,518 [INFO] Predict: patient=charite-patient-001  device=smarko-wearable-01  n_samples=249
2026-04-09 15:38:10,519 [INFO]   Resampled 25Hz → 50Hz (498 samples)
2026-04-09 15:38:10,521 [INFO]   → fall=False  confidence=0.002  latency=3ms
2026-04-09 15:38:22,692 [INFO] Predict: patient=charite-patient-001  device=smarko-wearable-01  n_samples=318
2026-04-09 15:38:22,693 [INFO]   Resampled 25Hz → 50Hz (636 samples)
2026-04-09 15:38:22,695 [INFO]   → fall=False  confidence=0.002  latency=3ms
2026-04-09 15:38:34,907 [INFO] Predict: patient=charite-patient-001  device=smarko-wearable-01  n_samples=244
2026-04-09 15:38:34,908 [INFO]   Resampled 25Hz → 50Hz (488 samples)
2026-04-09 15:38:34,910 [INFO]   → fall=False  confidence=0.002  latency=2ms
2026-04-09 15:38:47,095 [INFO] Predict: patient=charite-patient-001  device=smarko-wearable-01  n_samples=195
2026-04-09 15:38:47,096 [INFO]   Resampled 25Hz → 50Hz (390 samples)
2026-04-09 15:38:59,272 [INFO] Predict: patient=charite-patient-001  device=smarko-wearable-01  n_samples=264
2026-04-09 15:38:59,273 [INFO]   Resampled 25Hz → 50Hz (528 samples)
2026-04-09 15:38:59,276 [INFO]   → fall=False  confidence=0.002  latency=3ms
2026-04-09 15:39:11,455 [INFO] Predict: patient=charite-patient-001  device=smarko-wearable-01  n_samples=207
2026-04-09 15:39:11,456 [INFO]   Resampled 25Hz → 50Hz (414 samples)
