2026-04-09 16:10:13,394 [INFO] ============================================================
2026-04-09 16:10:13,394 [INFO] Fall Detection Server  [6G / Charite Integration]
2026-04-09 16:10:13,395 [INFO]   Model:            V0  (V0)
2026-04-09 16:10:13,395 [INFO]   Uses barometer:   False
2026-04-09 16:10:13,395 [INFO]   Features:         16
2026-04-09 16:10:13,395 [INFO]   Sensor type:      bosch  (25 Hz → 50 Hz)
2026-04-09 16:10:13,395 [INFO]   Window:           9s × 50Hz = 450 samples
2026-04-09 16:10:13,395 [INFO]   FHIR server:      (not configured — results not pushed)
2026-04-09 16:10:13,395 [INFO]   Redis fall pub:   (not configured — no Redis publishing)
2026-04-09 16:10:13,396 [INFO] ============================================================
2026-04-09 16:10:19,636 [INFO] Predict: patient=test_patient-001  device=6c:1d:eb:04:a9:e6  n_samples=280
2026-04-09 16:10:19,637 [INFO]   Resampled 25Hz → 50Hz (560 samples)
2026-04-09 16:10:19,641 [INFO]   → no fall  confidence=0.002  latency=4ms
2026-04-09 16:10:37,309 [INFO] Predict: patient=test_patient-001  device=6c:1d:eb:04:a9:e6  n_samples=341
2026-04-09 16:10:37,310 [INFO]   Resampled 25Hz → 50Hz (682 samples)
2026-04-09 16:10:37,312 [INFO]   → no fall  confidence=0.002  latency=3ms
2026-04-09 16:10:54,973 [INFO] Predict: patient=test_patient-001  device=6c:1d:eb:04:a9:e6  n_samples=273
2026-04-09 16:10:54,974 [INFO]   Resampled 25Hz → 50Hz (546 samples)
2026-04-09 16:10:54,976 [INFO]   → no fall  confidence=0.002  latency=2ms
2026-04-09 16:11:12,633 [INFO] Predict: patient=test_patient-001  device=6c:1d:eb:04:a9:e6  n_samples=209
2026-04-09 16:11:12,633 [INFO]   Resampled 25Hz → 50Hz (418 samples)
2026-04-09 16:11:24,811 [INFO] Predict: patient=test_patient-001  device=6c:1d:eb:04:a9:e6  n_samples=277
2026-04-09 16:11:24,812 [INFO]   Resampled 25Hz → 50Hz (554 samples)
2026-04-09 16:11:24,814 [INFO]   → no fall  confidence=0.002  latency=2ms
2026-04-09 16:11:42,513 [INFO] Predict: patient=test_patient-001  device=6c:1d:eb:04:a9:e6  n_samples=357
2026-04-09 16:11:42,514 [INFO]   Resampled 25Hz → 50Hz (714 samples)
2026-04-09 16:11:42,516 [INFO]   → no fall  confidence=0.003  latency=3ms
2026-04-09 16:12:00,198 [INFO] Predict: patient=test_patient-001  device=6c:1d:eb:04:a9:e6  n_samples=280
2026-04-09 16:12:00,198 [INFO]   Resampled 25Hz → 50Hz (560 samples)
2026-04-09 16:12:00,201 [INFO]   → no fall  confidence=0.002  latency=3ms
2026-04-09 16:12:17,911 [INFO] Predict: patient=test_patient-001  device=6c:1d:eb:04:a9:e6  n_samples=340
2026-04-09 16:12:17,911 [INFO]   Resampled 25Hz → 50Hz (680 samples)
2026-04-09 16:12:17,914 [INFO]   → no fall  confidence=0.002  latency=3ms
2026-04-09 16:12:35,644 [INFO] Predict: patient=test_patient-001  device=6c:1d:eb:04:a9:e6  n_samples=274
2026-04-09 16:12:35,645 [INFO]   Resampled 25Hz → 50Hz (548 samples)
2026-04-09 16:12:35,648 [INFO]   → no fall  confidence=0.002  latency=4ms
2026-04-09 16:12:53,324 [INFO] Predict: patient=test_patient-001  device=6c:1d:eb:04:a9:e6  n_samples=331
2026-04-09 16:12:53,324 [INFO]   Resampled 25Hz → 50Hz (662 samples)
2026-04-09 16:12:53,327 [INFO]   → no fall  confidence=0.002  latency=3ms
2026-04-09 16:13:10,993 [INFO] Predict: patient=test_patient-001  device=6c:1d:eb:04:a9:e6  n_samples=259
2026-04-09 16:13:10,994 [INFO]   Resampled 25Hz → 50Hz (518 samples)
2026-04-09 16:13:10,996 [INFO]   → no fall  confidence=0.002  latency=3ms
2026-04-09 16:13:28,645 [INFO] Predict: patient=test_patient-001  device=6c:1d:eb:04:a9:e6  n_samples=314
2026-04-09 16:13:28,646 [INFO]   Resampled 25Hz → 50Hz (628 samples)
2026-04-09 16:13:28,648 [INFO]   → no fall  confidence=0.002  latency=2ms
2026-04-09 16:13:46,390 [INFO] Predict: patient=test_patient-001  device=6c:1d:eb:04:a9:e6  n_samples=249
2026-04-09 16:13:46,390 [INFO]   Resampled 25Hz → 50Hz (498 samples)
2026-04-09 16:13:46,393 [INFO]   → no fall  confidence=0.002  latency=3ms
2026-04-09 16:14:04,083 [INFO] Predict: patient=test_patient-001  device=6c:1d:eb:04:a9:e6  n_samples=305
2026-04-09 16:14:04,084 [INFO]   Resampled 25Hz → 50Hz (610 samples)
2026-04-09 16:14:04,086 [INFO]   → no fall  confidence=0.002  latency=3ms
2026-04-09 16:14:21,744 [INFO] Predict: patient=test_patient-001  device=6c:1d:eb:04:a9:e6  n_samples=239
2026-04-09 16:14:21,745 [INFO]   Resampled 25Hz → 50Hz (478 samples)
2026-04-09 16:14:21,748 [INFO]   → no fall  confidence=0.002  latency=3ms
2026-04-09 16:14:39,415 [INFO] Predict: patient=test_patient-001  device=6c:1d:eb:04:a9:e6  n_samples=300
2026-04-09 16:14:39,416 [INFO]   Resampled 25Hz → 50Hz (600 samples)
2026-04-09 16:14:39,418 [INFO]   → no fall  confidence=0.002  latency=3ms
2026-04-09 16:14:57,109 [INFO] Predict: patient=test_patient-001  device=6c:1d:eb:04:a9:e6  n_samples=355
2026-04-09 16:14:57,110 [INFO]   Resampled 25Hz → 50Hz (710 samples)
2026-04-09 16:14:57,113 [INFO]   → no fall  confidence=0.002  latency=3ms
2026-04-09 16:15:14,802 [INFO] Predict: patient=test_patient-001  device=6c:1d:eb:04:a9:e6  n_samples=292
2026-04-09 16:15:14,803 [INFO]   Resampled 25Hz → 50Hz (584 samples)
2026-04-09 16:15:14,805 [INFO]   → no fall  confidence=0.002  latency=2ms
2026-04-09 16:15:32,546 [INFO] Predict: patient=test_patient-001  device=6c:1d:eb:04:a9:e6  n_samples=347
2026-04-09 16:15:32,547 [INFO]   Resampled 25Hz → 50Hz (694 samples)
2026-04-09 16:15:32,549 [INFO]   → no fall  confidence=0.002  latency=3ms
2026-04-09 16:15:50,289 [INFO] Predict: patient=test_patient-001  device=6c:1d:eb:04:a9:e6  n_samples=279
2026-04-09 16:15:50,290 [INFO]   Resampled 25Hz → 50Hz (558 samples)
2026-04-09 16:15:50,292 [INFO]   → no fall  confidence=0.002  latency=3ms
2026-04-09 16:16:07,941 [INFO] Predict: patient=test_patient-001  device=6c:1d:eb:04:a9:e6  n_samples=336
2026-04-09 16:16:07,942 [INFO]   Resampled 25Hz → 50Hz (672 samples)
2026-04-09 16:16:07,945 [INFO]   → no fall  confidence=0.002  latency=4ms
2026-04-09 16:16:25,631 [INFO] Predict: patient=test_patient-001  device=6c:1d:eb:04:a9:e6  n_samples=271
2026-04-09 16:16:25,631 [INFO]   Resampled 25Hz → 50Hz (542 samples)
2026-04-09 16:16:25,634 [INFO]   → no fall  confidence=0.002  latency=3ms
2026-04-09 16:16:43,331 [INFO] Predict: patient=test_patient-001  device=6c:1d:eb:04:a9:e6  n_samples=335
2026-04-09 16:16:43,332 [INFO]   Resampled 25Hz → 50Hz (670 samples)
2026-04-09 16:16:43,334 [INFO]   → no fall  confidence=0.002  latency=3ms
2026-04-09 16:17:01,165 [INFO] Predict: patient=test_patient-001  device=6c:1d:eb:04:a9:e6  n_samples=268
2026-04-09 16:17:01,166 [INFO]   Resampled 25Hz → 50Hz (536 samples)
2026-04-09 16:17:01,169 [INFO]   → no fall  confidence=0.002  latency=3ms
2026-04-09 16:17:18,870 [INFO] Predict: patient=test_patient-001  device=6c:1d:eb:04:a9:e6  n_samples=312
2026-04-09 16:17:18,871 [INFO]   Resampled 25Hz → 50Hz (624 samples)
2026-04-09 16:17:18,874 [INFO]   → no fall  confidence=0.002  latency=3ms
2026-04-09 16:17:36,558 [INFO] Predict: patient=test_patient-001  device=6c:1d:eb:04:a9:e6  n_samples=253
2026-04-09 16:17:36,559 [INFO]   Resampled 25Hz → 50Hz (506 samples)
2026-04-09 16:17:36,562 [INFO]   → no fall  confidence=0.002  latency=3ms
2026-04-09 16:17:54,262 [INFO] Predict: patient=test_patient-001  device=6c:1d:eb:04:a9:e6  n_samples=317
2026-04-09 16:17:54,262 [INFO]   Resampled 25Hz → 50Hz (634 samples)
2026-04-09 16:17:54,265 [INFO]   → no fall  confidence=0.002  latency=2ms
2026-04-09 16:18:11,944 [INFO] Predict: patient=test_patient-001  device=6c:1d:eb:04:a9:e6  n_samples=264
2026-04-09 16:18:11,944 [INFO]   Resampled 25Hz → 50Hz (528 samples)
2026-04-09 16:18:11,948 [INFO]   → no fall  confidence=0.002  latency=3ms
2026-04-09 16:18:29,633 [INFO] Predict: patient=test_patient-001  device=6c:1d:eb:04:a9:e6  n_samples=332
2026-04-09 16:18:29,633 [INFO]   Resampled 25Hz → 50Hz (664 samples)
2026-04-09 16:18:29,636 [INFO]   → no fall  confidence=0.002  latency=3ms
2026-04-09 16:18:47,307 [INFO] Predict: patient=test_patient-001  device=6c:1d:eb:04:a9:e6  n_samples=216
2026-04-09 16:18:47,308 [INFO]   Resampled 25Hz → 50Hz (432 samples)
2026-04-09 16:18:59,492 [INFO] Predict: patient=test_patient-001  device=6c:1d:eb:04:a9:e6  n_samples=288
2026-04-09 16:18:59,492 [INFO]   Resampled 25Hz → 50Hz (576 samples)
2026-04-09 16:18:59,495 [INFO]   → no fall  confidence=0.002  latency=2ms
2026-04-09 16:19:17,154 [INFO] Predict: patient=test_patient-001  device=6c:1d:eb:04:a9:e6  n_samples=229
2026-04-09 16:19:17,155 [INFO]   Resampled 25Hz → 50Hz (458 samples)
2026-04-09 16:19:17,159 [INFO]   → no fall  confidence=0.002  latency=4ms
2026-04-09 16:19:34,848 [INFO] Predict: patient=test_patient-001  device=6c:1d:eb:04:a9:e6  n_samples=278
2026-04-09 16:19:34,849 [INFO]   Resampled 25Hz → 50Hz (556 samples)
2026-04-09 16:19:34,853 [INFO]   → no fall  confidence=0.002  latency=5ms
2026-04-09 16:19:52,533 [INFO] Predict: patient=test_patient-001  device=6c:1d:eb:04:a9:e6  n_samples=209
2026-04-09 16:19:52,533 [INFO]   Resampled 25Hz → 50Hz (418 samples)
2026-04-09 16:20:04,727 [INFO] Predict: patient=test_patient-001  device=6c:1d:eb:04:a9:e6  n_samples=278
2026-04-09 16:20:04,728 [INFO]   Resampled 25Hz → 50Hz (556 samples)
2026-04-09 16:20:04,731 [INFO]   → no fall  confidence=0.002  latency=3ms
2026-04-09 16:20:22,403 [INFO] Predict: patient=test_patient-001  device=6c:1d:eb:04:a9:e6  n_samples=212
2026-04-09 16:20:22,404 [INFO]   Resampled 25Hz → 50Hz (424 samples)
2026-04-09 16:20:34,574 [INFO] Predict: patient=test_patient-001  device=6c:1d:eb:04:a9:e6  n_samples=286
2026-04-09 16:20:34,575 [INFO]   Resampled 25Hz → 50Hz (572 samples)
2026-04-09 16:20:34,577 [INFO]   → no fall  confidence=0.002  latency=2ms
2026-04-09 16:20:52,240 [INFO] Predict: patient=test_patient-001  device=6c:1d:eb:04:a9:e6  n_samples=215
2026-04-09 16:20:52,241 [INFO]   Resampled 25Hz → 50Hz (430 samples)
2026-04-09 16:21:04,540 [INFO] Predict: patient=test_patient-001  device=6c:1d:eb:04:a9:e6  n_samples=286
2026-04-09 16:21:04,541 [INFO]   Resampled 25Hz → 50Hz (572 samples)
2026-04-09 16:21:04,543 [INFO]   → no fall  confidence=0.002  latency=2ms
2026-04-09 16:21:22,225 [INFO] Predict: patient=test_patient-001  device=6c:1d:eb:04:a9:e6  n_samples=224
2026-04-09 16:21:22,226 [INFO]   Resampled 25Hz → 50Hz (448 samples)
2026-04-09 16:21:34,374 [INFO] Predict: patient=test_patient-001  device=6c:1d:eb:04:a9:e6  n_samples=294
2026-04-09 16:21:34,375 [INFO]   Resampled 25Hz → 50Hz (588 samples)
2026-04-09 16:21:34,378 [INFO]   → no fall  confidence=0.002  latency=3ms
2026-04-09 16:21:52,073 [INFO] Predict: patient=test_patient-001  device=6c:1d:eb:04:a9:e6  n_samples=225
2026-04-09 16:21:52,073 [INFO]   Resampled 25Hz → 50Hz (450 samples)
2026-04-09 16:21:52,076 [INFO]   → no fall  confidence=0.002  latency=3ms
2026-04-09 16:22:10,021 [INFO] Predict: patient=test_patient-001  device=6c:1d:eb:04:a9:e6  n_samples=278
2026-04-09 16:22:10,022 [INFO]   Resampled 25Hz → 50Hz (556 samples)
2026-04-09 16:22:10,024 [INFO]   → no fall  confidence=0.002  latency=3ms
2026-04-09 16:22:27,739 [INFO] Predict: patient=test_patient-001  device=6c:1d:eb:04:a9:e6  n_samples=205
2026-04-09 16:22:27,739 [INFO]   Resampled 25Hz → 50Hz (410 samples)
2026-04-09 16:22:39,925 [INFO] Predict: patient=test_patient-001  device=6c:1d:eb:04:a9:e6  n_samples=307
2026-04-09 16:22:39,926 [INFO]   Resampled 25Hz → 50Hz (614 samples)
2026-04-09 16:22:39,928 [INFO]   → no fall  confidence=0.002  latency=3ms
2026-04-09 16:22:57,629 [INFO] Predict: patient=test_patient-001  device=6c:1d:eb:04:a9:e6  n_samples=239
2026-04-09 16:22:57,629 [INFO]   Resampled 25Hz → 50Hz (478 samples)
2026-04-09 16:22:57,632 [INFO]   → no fall  confidence=0.002  latency=2ms
2026-04-09 16:23:15,386 [INFO] Predict: patient=test_patient-001  device=6c:1d:eb:04:a9:e6  n_samples=298
2026-04-09 16:23:15,387 [INFO]   Resampled 25Hz → 50Hz (596 samples)
2026-04-09 16:23:15,391 [INFO]   → no fall  confidence=0.002  latency=4ms
2026-04-09 16:23:33,101 [INFO] Predict: patient=test_patient-001  device=6c:1d:eb:04:a9:e6  n_samples=348
2026-04-09 16:23:33,102 [INFO]   Resampled 25Hz → 50Hz (696 samples)
2026-04-09 16:23:33,105 [INFO]   → no fall  confidence=0.002  latency=3ms
2026-04-09 16:23:50,943 [INFO] Predict: patient=test_patient-001  device=6c:1d:eb:04:a9:e6  n_samples=287
2026-04-09 16:23:50,944 [INFO]   Resampled 25Hz → 50Hz (574 samples)
2026-04-09 16:23:50,946 [INFO]   → no fall  confidence=0.002  latency=3ms
2026-04-09 16:24:08,728 [INFO] Predict: patient=test_patient-001  device=6c:1d:eb:04:a9:e6  n_samples=338
2026-04-09 16:24:08,728 [INFO]   Resampled 25Hz → 50Hz (676 samples)
2026-04-09 16:24:08,731 [INFO]   → no fall  confidence=0.002  latency=2ms
2026-04-09 16:24:26,527 [INFO] Predict: patient=test_patient-001  device=6c:1d:eb:04:a9:e6  n_samples=268
2026-04-09 16:24:26,527 [INFO]   Resampled 25Hz → 50Hz (536 samples)
2026-04-09 16:24:26,530 [INFO]   → no fall  confidence=0.002  latency=2ms
2026-04-09 16:24:44,355 [INFO] Predict: patient=test_patient-001  device=6c:1d:eb:04:a9:e6  n_samples=331
2026-04-09 16:24:44,356 [INFO]   Resampled 25Hz → 50Hz (662 samples)
2026-04-09 16:24:44,360 [INFO]   → no fall  confidence=0.002  latency=4ms
2026-04-09 16:25:02,127 [INFO] Predict: patient=test_patient-001  device=6c:1d:eb:04:a9:e6  n_samples=254
2026-04-09 16:25:02,128 [INFO]   Resampled 25Hz → 50Hz (508 samples)
2026-04-09 16:25:02,130 [INFO]   → no fall  confidence=0.002  latency=2ms
2026-04-09 16:25:19,881 [INFO] Predict: patient=test_patient-001  device=6c:1d:eb:04:a9:e6  n_samples=312
2026-04-09 16:25:19,881 [INFO]   Resampled 25Hz → 50Hz (624 samples)
2026-04-09 16:25:19,884 [INFO]   → no fall  confidence=0.002  latency=2ms
2026-04-09 16:25:37,617 [INFO] Predict: patient=test_patient-001  device=6c:1d:eb:04:a9:e6  n_samples=250
2026-04-09 16:25:37,618 [INFO]   Resampled 25Hz → 50Hz (500 samples)
2026-04-09 16:25:37,620 [INFO]   → no fall  confidence=0.002  latency=3ms
2026-04-09 16:25:55,352 [INFO] Predict: patient=test_patient-001  device=6c:1d:eb:04:a9:e6  n_samples=308
2026-04-09 16:25:55,353 [INFO]   Resampled 25Hz → 50Hz (616 samples)
2026-04-09 16:25:55,355 [INFO]   → no fall  confidence=0.002  latency=3ms
2026-04-09 16:26:13,042 [INFO] Predict: patient=test_patient-001  device=6c:1d:eb:04:a9:e6  n_samples=232
2026-04-09 16:26:13,043 [INFO]   Resampled 25Hz → 50Hz (464 samples)
2026-04-09 16:26:13,045 [INFO]   → no fall  confidence=0.002  latency=3ms
2026-04-09 16:26:30,736 [INFO] Predict: patient=test_patient-001  device=6c:1d:eb:04:a9:e6  n_samples=294
2026-04-09 16:26:30,736 [INFO]   Resampled 25Hz → 50Hz (588 samples)
2026-04-09 16:26:30,739 [INFO]   → no fall  confidence=0.002  latency=3ms
2026-04-09 16:26:48,423 [INFO] Predict: patient=test_patient-001  device=6c:1d:eb:04:a9:e6  n_samples=354
2026-04-09 16:26:48,425 [INFO]   Resampled 25Hz → 50Hz (708 samples)
2026-04-09 16:26:48,428 [INFO]   → no fall  confidence=0.002  latency=4ms
2026-04-09 16:27:06,126 [INFO] Predict: patient=test_patient-001  device=6c:1d:eb:04:a9:e6  n_samples=285
2026-04-09 16:27:06,127 [INFO]   Resampled 25Hz → 50Hz (570 samples)
2026-04-09 16:27:06,129 [INFO]   → no fall  confidence=0.002  latency=2ms
2026-04-09 16:27:23,818 [INFO] Predict: patient=test_patient-001  device=6c:1d:eb:04:a9:e6  n_samples=346
2026-04-09 16:27:23,819 [INFO]   Resampled 25Hz → 50Hz (692 samples)
2026-04-09 16:27:23,821 [INFO]   → no fall  confidence=0.002  latency=2ms
2026-04-09 16:27:41,514 [INFO] Predict: patient=test_patient-001  device=6c:1d:eb:04:a9:e6  n_samples=284
2026-04-09 16:27:41,515 [INFO]   Resampled 25Hz → 50Hz (568 samples)
2026-04-09 16:27:41,518 [INFO]   → no fall  confidence=0.002  latency=4ms
2026-04-09 16:27:59,224 [INFO] Predict: patient=test_patient-001  device=6c:1d:eb:04:a9:e6  n_samples=338
2026-04-09 16:27:59,225 [INFO]   Resampled 25Hz → 50Hz (676 samples)
2026-04-09 16:27:59,227 [INFO]   → no fall  confidence=0.002  latency=3ms
2026-04-09 16:28:16,928 [INFO] Predict: patient=test_patient-001  device=6c:1d:eb:04:a9:e6  n_samples=263
2026-04-09 16:28:16,928 [INFO]   Resampled 25Hz → 50Hz (526 samples)
2026-04-09 16:28:16,931 [INFO]   → no fall  confidence=0.002  latency=2ms
2026-04-09 16:28:34,641 [INFO] Predict: patient=test_patient-001  device=6c:1d:eb:04:a9:e6  n_samples=335
2026-04-09 16:28:34,642 [INFO]   Resampled 25Hz → 50Hz (670 samples)
2026-04-09 16:28:34,644 [INFO]   → no fall  confidence=0.002  latency=3ms
2026-04-09 16:28:52,391 [INFO] Predict: patient=test_patient-001  device=6c:1d:eb:04:a9:e6  n_samples=259
2026-04-09 16:28:52,392 [INFO]   Resampled 25Hz → 50Hz (518 samples)
2026-04-09 16:28:52,394 [INFO]   → no fall  confidence=0.002  latency=3ms
2026-04-09 16:29:10,086 [INFO] Predict: patient=test_patient-001  device=6c:1d:eb:04:a9:e6  n_samples=319
2026-04-09 16:29:10,087 [INFO]   Resampled 25Hz → 50Hz (638 samples)
2026-04-09 16:29:10,089 [INFO]   → no fall  confidence=0.002  latency=3ms
2026-04-09 16:29:27,840 [INFO] Predict: patient=test_patient-001  device=6c:1d:eb:04:a9:e6  n_samples=247
2026-04-09 16:29:27,840 [INFO]   Resampled 25Hz → 50Hz (494 samples)
2026-04-09 16:29:27,844 [INFO]   → no fall  confidence=0.002  latency=3ms
2026-04-09 16:29:45,562 [INFO] Predict: patient=test_patient-001  device=6c:1d:eb:04:a9:e6  n_samples=308
2026-04-09 16:29:45,563 [INFO]   Resampled 25Hz → 50Hz (616 samples)
2026-04-09 16:29:45,565 [INFO]   → no fall  confidence=0.002  latency=2ms
2026-04-09 16:30:03,232 [INFO] Predict: patient=test_patient-001  device=6c:1d:eb:04:a9:e6  n_samples=243
2026-04-09 16:30:03,232 [INFO]   Resampled 25Hz → 50Hz (486 samples)
2026-04-09 16:30:03,235 [INFO]   → no fall  confidence=0.002  latency=3ms
2026-04-09 16:30:20,944 [INFO] Predict: patient=test_patient-001  device=6c:1d:eb:04:a9:e6  n_samples=294
2026-04-09 16:30:20,945 [INFO]   Resampled 25Hz → 50Hz (588 samples)
2026-04-09 16:30:20,949 [INFO]   → no fall  confidence=0.002  latency=4ms
2026-04-09 16:30:38,648 [INFO] Predict: patient=test_patient-001  device=6c:1d:eb:04:a9:e6  n_samples=235
2026-04-09 16:30:38,648 [INFO]   Resampled 25Hz → 50Hz (470 samples)
2026-04-09 16:30:38,651 [INFO]   → no fall  confidence=0.002  latency=3ms
2026-04-09 16:30:56,341 [INFO] Predict: patient=test_patient-001  device=6c:1d:eb:04:a9:e6  n_samples=289
2026-04-09 16:30:56,342 [INFO]   Resampled 25Hz → 50Hz (578 samples)
2026-04-09 16:30:56,344 [INFO]   → no fall  confidence=0.002  latency=2ms
2026-04-09 16:31:14,028 [INFO] Predict: patient=test_patient-001  device=6c:1d:eb:04:a9:e6  n_samples=346
2026-04-09 16:31:14,028 [INFO]   Resampled 25Hz → 50Hz (692 samples)
2026-04-09 16:31:14,031 [INFO]   → no fall  confidence=0.002  latency=3ms
2026-04-09 16:31:31,727 [INFO] Predict: patient=test_patient-001  device=6c:1d:eb:04:a9:e6  n_samples=280
2026-04-09 16:31:31,728 [INFO]   Resampled 25Hz → 50Hz (560 samples)
2026-04-09 16:31:31,730 [INFO]   → no fall  confidence=0.002  latency=3ms
2026-04-09 16:31:49,460 [INFO] Predict: patient=test_patient-001  device=6c:1d:eb:04:a9:e6  n_samples=340
2026-04-09 16:31:49,461 [INFO]   Resampled 25Hz → 50Hz (680 samples)
2026-04-09 16:31:49,464 [INFO]   → no fall  confidence=0.002  latency=3ms
2026-04-09 16:32:07,138 [INFO] Predict: patient=test_patient-001  device=6c:1d:eb:04:a9:e6  n_samples=271
2026-04-09 16:32:07,139 [INFO]   Resampled 25Hz → 50Hz (542 samples)
2026-04-09 16:32:07,141 [INFO]   → no fall  confidence=0.002  latency=3ms
2026-04-09 16:32:24,827 [INFO] Predict: patient=test_patient-001  device=6c:1d:eb:04:a9:e6  n_samples=332
2026-04-09 16:32:24,828 [INFO]   Resampled 25Hz → 50Hz (664 samples)
2026-04-09 16:32:24,831 [INFO]   → no fall  confidence=0.002  latency=3ms
2026-04-09 16:32:42,522 [INFO] Predict: patient=test_patient-001  device=6c:1d:eb:04:a9:e6  n_samples=269
2026-04-09 16:32:42,523 [INFO]   Resampled 25Hz → 50Hz (538 samples)
2026-04-09 16:32:42,525 [INFO]   → no fall  confidence=0.004  latency=3ms
2026-04-09 16:33:00,216 [INFO] Predict: patient=test_patient-001  device=6c:1d:eb:04:a9:e6  n_samples=323
2026-04-09 16:33:00,216 [INFO]   Resampled 25Hz → 50Hz (646 samples)
2026-04-09 16:33:00,219 [INFO]   → no fall  confidence=0.002  latency=3ms
2026-04-09 16:33:17,907 [INFO] Predict: patient=test_patient-001  device=6c:1d:eb:04:a9:e6  n_samples=258
2026-04-09 16:33:17,908 [INFO]   Resampled 25Hz → 50Hz (516 samples)
2026-04-09 16:33:17,910 [INFO]   → no fall  confidence=0.004  latency=3ms
2026-04-09 16:33:35,617 [INFO] Predict: patient=test_patient-001  device=6c:1d:eb:04:a9:e6  n_samples=295
2026-04-09 16:33:35,617 [INFO]   Resampled 25Hz → 50Hz (590 samples)
2026-04-09 16:33:35,620 [INFO]   → no fall  confidence=0.002  latency=3ms
2026-04-09 16:33:53,330 [INFO] Predict: patient=test_patient-001  device=6c:1d:eb:04:a9:e6  n_samples=223
2026-04-09 16:33:53,331 [INFO]   Resampled 25Hz → 50Hz (446 samples)
2026-04-09 16:34:05,503 [INFO] Predict: patient=test_patient-001  device=6c:1d:eb:04:a9:e6  n_samples=289
2026-04-09 16:34:05,504 [INFO]   Resampled 25Hz → 50Hz (578 samples)
2026-04-09 16:34:05,507 [INFO]   → no fall  confidence=0.002  latency=3ms
2026-04-09 16:34:23,192 [INFO] Predict: patient=test_patient-001  device=6c:1d:eb:04:a9:e6  n_samples=221
2026-04-09 16:34:23,192 [INFO]   Resampled 25Hz → 50Hz (442 samples)
2026-04-09 16:34:35,348 [INFO] Predict: patient=test_patient-001  device=6c:1d:eb:04:a9:e6  n_samples=302
2026-04-09 16:34:35,349 [INFO]   Resampled 25Hz → 50Hz (604 samples)
2026-04-09 16:34:35,351 [INFO]   → no fall  confidence=0.002  latency=3ms
2026-04-09 16:34:53,050 [INFO] Predict: patient=test_patient-001  device=6c:1d:eb:04:a9:e6  n_samples=236
2026-04-09 16:34:53,051 [INFO]   Resampled 25Hz → 50Hz (472 samples)
2026-04-09 16:34:53,053 [INFO]   → no fall  confidence=0.002  latency=3ms
2026-04-09 16:35:10,765 [INFO] Predict: patient=test_patient-001  device=6c:1d:eb:04:a9:e6  n_samples=293
2026-04-09 16:35:10,765 [INFO]   Resampled 25Hz → 50Hz (586 samples)
2026-04-09 16:35:10,768 [INFO]   → no fall  confidence=0.002  latency=3ms
2026-04-09 16:35:28,460 [INFO] Predict: patient=test_patient-001  device=6c:1d:eb:04:a9:e6  n_samples=231
2026-04-09 16:35:28,460 [INFO]   Resampled 25Hz → 50Hz (462 samples)
2026-04-09 16:35:28,463 [INFO]   → no fall  confidence=0.002  latency=3ms
2026-04-09 16:35:46,122 [INFO] Predict: patient=test_patient-001  device=6c:1d:eb:04:a9:e6  n_samples=292
2026-04-09 16:35:46,123 [INFO]   Resampled 25Hz → 50Hz (584 samples)
2026-04-09 16:35:46,125 [INFO]   → no fall  confidence=0.002  latency=3ms
2026-04-09 16:36:03,789 [INFO] Predict: patient=test_patient-001  device=6c:1d:eb:04:a9:e6  n_samples=230
2026-04-09 16:36:03,789 [INFO]   Resampled 25Hz → 50Hz (460 samples)
2026-04-09 16:36:03,792 [INFO]   → no fall  confidence=0.002  latency=3ms
