2026-04-09 16:44:43,335 [INFO] ============================================================
2026-04-09 16:44:43,335 [INFO] Fall Detection Server  [6G / Charite Integration]
2026-04-09 16:44:43,335 [INFO]   Model:            V0  (V0)
2026-04-09 16:44:43,336 [INFO]   Uses barometer:   False
2026-04-09 16:44:43,336 [INFO]   Features:         16
2026-04-09 16:44:43,336 [INFO]   Sensor type:      bosch  (25 Hz → 50 Hz)
2026-04-09 16:44:43,336 [INFO]   Window:           9s × 50Hz = 450 samples
2026-04-09 16:44:43,336 [INFO]   FHIR server:      (not configured — results not pushed)
2026-04-09 16:44:43,337 [INFO]   Redis fall pub:   redis://localhost:6379/0
2026-04-09 16:44:43,337 [INFO] ============================================================
2026-04-09 16:44:43,387 [INFO] Connected to Redis at redis://localhost:6379/0  channel=fall_events
2026-04-09 16:45:05,713 [INFO] Predict: patient=test_patient-001  device=6c:1d:eb:04:a9:e6  n_samples=342
2026-04-09 16:45:05,714 [INFO]   Resampled 25Hz → 50Hz (684 samples)
2026-04-09 16:45:05,717 [INFO]   → no fall  confidence=0.002  latency=3ms
2026-04-09 16:45:23,405 [INFO] Predict: patient=test_patient-001  device=6c:1d:eb:04:a9:e6  n_samples=283
2026-04-09 16:45:23,406 [INFO]   Resampled 25Hz → 50Hz (566 samples)
2026-04-09 16:45:23,410 [INFO]   → no fall  confidence=0.002  latency=4ms
2026-04-09 16:45:41,127 [INFO] Predict: patient=test_patient-001  device=6c:1d:eb:04:a9:e6  n_samples=343
2026-04-09 16:45:41,128 [INFO]   Resampled 25Hz → 50Hz (686 samples)
2026-04-09 16:45:41,130 [INFO]   → no fall  confidence=0.002  latency=2ms
2026-04-09 16:45:58,850 [INFO] Predict: patient=test_patient-001  device=6c:1d:eb:04:a9:e6  n_samples=283
2026-04-09 16:45:58,851 [INFO]   Resampled 25Hz → 50Hz (566 samples)
2026-04-09 16:45:58,853 [INFO]   → no fall  confidence=0.002  latency=2ms
2026-04-09 16:46:16,532 [INFO] Predict: patient=test_patient-001  device=6c:1d:eb:04:a9:e6  n_samples=355
2026-04-09 16:46:16,533 [INFO]   Resampled 25Hz → 50Hz (710 samples)
2026-04-09 16:46:16,536 [INFO]   → no fall  confidence=0.002  latency=3ms
2026-04-09 16:46:34,190 [INFO] Predict: patient=test_patient-001  device=6c:1d:eb:04:a9:e6  n_samples=267
2026-04-09 16:46:34,191 [INFO]   Resampled 25Hz → 50Hz (534 samples)
2026-04-09 16:46:34,193 [INFO]   → no fall  confidence=0.002  latency=3ms
2026-04-09 16:46:51,879 [INFO] Predict: patient=test_patient-001  device=6c:1d:eb:04:a9:e6  n_samples=299
2026-04-09 16:46:51,880 [INFO]   Resampled 25Hz → 50Hz (598 samples)
2026-04-09 16:46:51,884 [INFO]   → no fall  confidence=0.002  latency=5ms
2026-04-09 16:47:09,568 [INFO] Predict: patient=test_patient-001  device=6c:1d:eb:04:a9:e6  n_samples=230
2026-04-09 16:47:09,569 [INFO]   Resampled 25Hz → 50Hz (460 samples)
2026-04-09 16:47:09,571 [INFO]   → no fall  confidence=0.002  latency=3ms
2026-04-09 16:47:27,270 [INFO] Predict: patient=test_patient-001  device=6c:1d:eb:04:a9:e6  n_samples=285
2026-04-09 16:47:27,271 [INFO]   Resampled 25Hz → 50Hz (570 samples)
2026-04-09 16:47:27,273 [INFO]   → no fall  confidence=0.002  latency=2ms
2026-04-09 16:47:44,948 [INFO] Predict: patient=test_patient-001  device=6c:1d:eb:04:a9:e6  n_samples=225
2026-04-09 16:47:44,948 [INFO]   Resampled 25Hz → 50Hz (450 samples)
2026-04-09 16:47:44,951 [INFO]   → no fall  confidence=0.002  latency=2ms
2026-04-09 16:48:02,666 [INFO] Predict: patient=test_patient-001  device=6c:1d:eb:04:a9:e6  n_samples=310
2026-04-09 16:48:02,667 [INFO]   Resampled 25Hz → 50Hz (620 samples)
2026-04-09 16:48:02,669 [INFO]   → no fall  confidence=0.002  latency=3ms
2026-04-09 16:53:52,497 [INFO] Predict: patient=test_patient-001  device=6c:1d:eb:04:a9:e6  n_samples=328
2026-04-09 16:53:52,498 [INFO]   Resampled 25Hz → 50Hz (656 samples)
2026-04-09 16:53:52,501 [INFO]   → no fall  confidence=0.002  latency=4ms
2026-04-09 16:54:04,676 [INFO] Predict: patient=test_patient-001  device=6c:1d:eb:04:a9:e6  n_samples=270
2026-04-09 16:54:04,676 [INFO]   Resampled 25Hz → 50Hz (540 samples)
2026-04-09 16:54:04,679 [INFO]   → no fall  confidence=0.002  latency=3ms
2026-04-09 16:54:16,852 [INFO] Predict: patient=test_patient-001  device=6c:1d:eb:04:a9:e6  n_samples=336
2026-04-09 16:54:16,853 [INFO]   Resampled 25Hz → 50Hz (672 samples)
2026-04-09 16:54:16,855 [INFO]   → no fall  confidence=0.002  latency=3ms
2026-04-09 16:54:29,027 [INFO] Predict: patient=test_patient-001  device=6c:1d:eb:04:a9:e6  n_samples=285
2026-04-09 16:54:29,028 [INFO]   Resampled 25Hz → 50Hz (570 samples)
2026-04-09 16:54:29,030 [INFO]   → no fall  confidence=0.002  latency=3ms
2026-04-09 16:54:41,229 [INFO] Predict: patient=test_patient-001  device=6c:1d:eb:04:a9:e6  n_samples=234
2026-04-09 16:54:41,229 [INFO]   Resampled 25Hz → 50Hz (468 samples)
2026-04-09 16:54:41,232 [INFO]   → no fall  confidence=0.002  latency=2ms
2026-04-09 16:54:53,464 [INFO] Predict: patient=test_patient-001  device=6c:1d:eb:04:a9:e6  n_samples=304
2026-04-09 16:54:53,465 [INFO]   Resampled 25Hz → 50Hz (608 samples)
2026-04-09 16:54:53,467 [INFO]   → no fall  confidence=0.002  latency=2ms
2026-04-09 16:55:05,654 [INFO] Predict: patient=test_patient-001  device=6c:1d:eb:04:a9:e6  n_samples=252
2026-04-09 16:55:05,655 [INFO]   Resampled 25Hz → 50Hz (504 samples)
2026-04-09 16:55:05,657 [INFO]   → no fall  confidence=0.002  latency=3ms
2026-04-09 16:55:17,848 [INFO] Predict: patient=test_patient-001  device=6c:1d:eb:04:a9:e6  n_samples=317
2026-04-09 16:55:17,848 [INFO]   Resampled 25Hz → 50Hz (634 samples)
2026-04-09 16:55:17,851 [INFO]   → no fall  confidence=0.002  latency=2ms
2026-04-09 16:55:30,039 [INFO] Predict: patient=test_patient-001  device=6c:1d:eb:04:a9:e6  n_samples=268
2026-04-09 16:55:30,040 [INFO]   Resampled 25Hz → 50Hz (536 samples)
2026-04-09 16:55:30,042 [INFO]   → no fall  confidence=0.002  latency=2ms
2026-04-09 16:55:42,201 [INFO] Predict: patient=test_patient-001  device=6c:1d:eb:04:a9:e6  n_samples=351
2026-04-09 16:55:42,202 [INFO]   Resampled 25Hz → 50Hz (702 samples)
2026-04-09 16:55:42,204 [INFO] 
2026-04-09 16:55:42,204 [INFO]   *** FALL DETECTED ***  patient=test_patient-001  confidence=0.999  latency=2ms
2026-04-09 16:55:42,205 [INFO] 
2026-04-09 16:55:42,207 [INFO] Redis publish OK  channel=fall_events  patient=test_patient-001
2026-04-09 16:55:54,387 [INFO] Predict: patient=test_patient-001  device=6c:1d:eb:04:a9:e6  n_samples=295
2026-04-09 16:55:54,388 [INFO]   Resampled 25Hz → 50Hz (590 samples)
2026-04-09 16:55:54,389 [INFO]   → no fall  confidence=0.002  latency=2ms
2026-04-09 16:56:06,613 [INFO] Predict: patient=test_patient-001  device=6c:1d:eb:04:a9:e6  n_samples=234
2026-04-09 16:56:06,614 [INFO]   Resampled 25Hz → 50Hz (468 samples)
2026-04-09 16:56:06,616 [INFO]   → no fall  confidence=0.002  latency=2ms
2026-04-09 16:56:18,820 [INFO] Predict: patient=test_patient-001  device=6c:1d:eb:04:a9:e6  n_samples=299
2026-04-09 16:56:18,820 [INFO]   Resampled 25Hz → 50Hz (598 samples)
2026-04-09 16:56:18,822 [INFO]   → no fall  confidence=0.002  latency=2ms
2026-04-09 16:56:30,972 [INFO] Predict: patient=test_patient-001  device=6c:1d:eb:04:a9:e6  n_samples=235
2026-04-09 16:56:30,973 [INFO]   Resampled 25Hz → 50Hz (470 samples)
2026-04-09 16:56:30,975 [INFO]   → no fall  confidence=0.002  latency=2ms
2026-04-09 16:56:43,144 [INFO] Predict: patient=test_patient-001  device=6c:1d:eb:04:a9:e6  n_samples=288
2026-04-09 16:56:43,145 [INFO]   Resampled 25Hz → 50Hz (576 samples)
2026-04-09 16:56:43,147 [INFO]   → no fall  confidence=0.002  latency=2ms
2026-04-09 16:56:55,333 [INFO] Predict: patient=test_patient-001  device=6c:1d:eb:04:a9:e6  n_samples=231
2026-04-09 16:56:55,334 [INFO]   Resampled 25Hz → 50Hz (462 samples)
2026-04-09 16:56:55,336 [INFO]   → no fall  confidence=0.002  latency=3ms
2026-04-09 16:57:07,527 [INFO] Predict: patient=test_patient-001  device=6c:1d:eb:04:a9:e6  n_samples=306
2026-04-09 16:57:07,528 [INFO]   Resampled 25Hz → 50Hz (612 samples)
2026-04-09 16:57:07,530 [INFO]   → no fall  confidence=0.002  latency=3ms
2026-04-09 16:57:19,707 [INFO] Predict: patient=test_patient-001  device=6c:1d:eb:04:a9:e6  n_samples=256
2026-04-09 16:57:19,709 [INFO]   Resampled 25Hz → 50Hz (512 samples)
2026-04-09 16:57:19,713 [INFO]   → no fall  confidence=0.002  latency=5ms
2026-04-09 16:57:31,900 [INFO] Predict: patient=test_patient-001  device=6c:1d:eb:04:a9:e6  n_samples=318
2026-04-09 16:57:31,901 [INFO]   Resampled 25Hz → 50Hz (636 samples)
2026-04-09 16:57:31,904 [INFO]   → no fall  confidence=0.002  latency=3ms
2026-04-09 16:57:44,099 [INFO] Predict: patient=test_patient-001  device=6c:1d:eb:04:a9:e6  n_samples=270
2026-04-09 16:57:44,101 [INFO]   Resampled 25Hz → 50Hz (540 samples)
2026-04-09 16:57:44,104 [INFO]   → no fall  confidence=0.002  latency=4ms
2026-04-09 16:57:56,303 [INFO] Predict: patient=test_patient-001  device=6c:1d:eb:04:a9:e6  n_samples=213
2026-04-09 16:57:56,304 [INFO]   Resampled 25Hz → 50Hz (426 samples)
2026-04-09 16:58:08,482 [INFO] Predict: patient=test_patient-001  device=6c:1d:eb:04:a9:e6  n_samples=289
2026-04-09 16:58:08,483 [INFO]   Resampled 25Hz → 50Hz (578 samples)
2026-04-09 16:58:08,485 [INFO] 
2026-04-09 16:58:08,485 [INFO]   *** FALL DETECTED ***  patient=test_patient-001  confidence=0.994  latency=2ms
2026-04-09 16:58:08,485 [INFO] 
2026-04-09 16:58:08,487 [INFO] Redis publish OK  channel=fall_events  patient=test_patient-001
2026-04-09 16:58:20,712 [INFO] Predict: patient=test_patient-001  device=6c:1d:eb:04:a9:e6  n_samples=229
2026-04-09 16:58:20,713 [INFO]   Resampled 25Hz → 50Hz (458 samples)
2026-04-09 16:58:20,716 [INFO]   → no fall  confidence=0.002  latency=3ms
2026-04-09 16:58:32,893 [INFO] Predict: patient=test_patient-001  device=6c:1d:eb:04:a9:e6  n_samples=296
2026-04-09 16:58:32,893 [INFO]   Resampled 25Hz → 50Hz (592 samples)
2026-04-09 16:58:32,896 [INFO]   → no fall  confidence=0.002  latency=2ms
2026-04-09 16:58:45,081 [INFO] Predict: patient=test_patient-001  device=6c:1d:eb:04:a9:e6  n_samples=250
2026-04-09 16:58:45,082 [INFO]   Resampled 25Hz → 50Hz (500 samples)
2026-04-09 16:58:45,085 [INFO]   → no fall  confidence=0.002  latency=3ms
2026-04-09 16:58:57,358 [INFO] Predict: patient=test_patient-001  device=6c:1d:eb:04:a9:e6  n_samples=314
2026-04-09 16:58:57,358 [INFO]   Resampled 25Hz → 50Hz (628 samples)
2026-04-09 16:58:57,361 [INFO]   → no fall  confidence=0.002  latency=3ms
2026-04-09 16:59:09,555 [INFO] Predict: patient=test_patient-001  device=6c:1d:eb:04:a9:e6  n_samples=262
2026-04-09 16:59:09,556 [INFO]   Resampled 25Hz → 50Hz (524 samples)
2026-04-09 16:59:09,559 [INFO]   → no fall  confidence=0.388  latency=3ms
2026-04-09 16:59:21,743 [INFO] Predict: patient=test_patient-001  device=6c:1d:eb:04:a9:e6  n_samples=327
2026-04-09 16:59:21,744 [INFO]   Resampled 25Hz → 50Hz (654 samples)
2026-04-09 16:59:21,747 [INFO]   → no fall  confidence=0.002  latency=3ms
2026-04-09 16:59:33,929 [INFO] Predict: patient=test_patient-001  device=6c:1d:eb:04:a9:e6  n_samples=156
2026-04-09 16:59:33,929 [INFO]   Resampled 25Hz → 50Hz (312 samples)
2026-04-09 17:17:16,109 [INFO] Predict: patient=test_patient-001  device=6c:1d:eb:04:a9:e6  n_samples=247
2026-04-09 17:17:16,110 [INFO]   Resampled 25Hz → 50Hz (494 samples)
2026-04-09 17:17:16,113 [INFO] 
2026-04-09 17:17:16,113 [INFO]   *** FALL DETECTED ***  patient=test_patient-001  confidence=0.838  latency=4ms
2026-04-09 17:17:16,113 [INFO] 
2026-04-09 17:17:16,115 [INFO] Redis publish OK  channel=fall_events  patient=test_patient-001
2026-04-09 17:17:28,312 [INFO] Predict: patient=test_patient-001  device=6c:1d:eb:04:a9:e6  n_samples=214
2026-04-09 17:17:28,312 [INFO]   Resampled 25Hz → 50Hz (428 samples)
2026-04-09 17:17:40,486 [INFO] Predict: patient=test_patient-001  device=6c:1d:eb:04:a9:e6  n_samples=285
2026-04-09 17:17:40,487 [INFO]   Resampled 25Hz → 50Hz (570 samples)
2026-04-09 17:17:40,489 [INFO]   → no fall  confidence=0.002  latency=3ms
2026-04-09 17:17:52,662 [INFO] Predict: patient=test_patient-001  device=6c:1d:eb:04:a9:e6  n_samples=234
2026-04-09 17:17:52,663 [INFO]   Resampled 25Hz → 50Hz (468 samples)
2026-04-09 17:17:52,666 [INFO]   → no fall  confidence=0.002  latency=4ms
2026-04-09 17:18:04,841 [INFO] Predict: patient=test_patient-001  device=6c:1d:eb:04:a9:e6  n_samples=306
2026-04-09 17:18:04,842 [INFO]   Resampled 25Hz → 50Hz (612 samples)
2026-04-09 17:18:04,845 [INFO]   → no fall  confidence=0.002  latency=3ms
2026-04-09 17:18:17,037 [INFO] Predict: patient=test_patient-001  device=6c:1d:eb:04:a9:e6  n_samples=296
2026-04-09 17:18:17,037 [INFO]   Resampled 25Hz → 50Hz (592 samples)
2026-04-09 17:18:17,040 [INFO]   → no fall  confidence=0.002  latency=2ms
2026-04-09 17:18:29,285 [INFO] Predict: patient=test_patient-001  device=6c:1d:eb:04:a9:e6  n_samples=313
2026-04-09 17:18:29,286 [INFO]   Resampled 25Hz → 50Hz (626 samples)
2026-04-09 17:18:29,289 [INFO]   → no fall  confidence=0.002  latency=3ms
2026-04-09 17:18:41,476 [INFO] Predict: patient=test_patient-001  device=6c:1d:eb:04:a9:e6  n_samples=260
2026-04-09 17:18:41,476 [INFO]   Resampled 25Hz → 50Hz (520 samples)
2026-04-09 17:18:41,479 [INFO]   → no fall  confidence=0.002  latency=3ms
2026-04-09 17:18:53,658 [INFO] Predict: patient=test_patient-001  device=6c:1d:eb:04:a9:e6  n_samples=337
2026-04-09 17:18:53,658 [INFO]   Resampled 25Hz → 50Hz (674 samples)
2026-04-09 17:18:53,661 [INFO]   → no fall  confidence=0.002  latency=3ms
2026-04-09 17:19:05,827 [INFO] Predict: patient=test_patient-001  device=6c:1d:eb:04:a9:e6  n_samples=290
2026-04-09 17:19:05,828 [INFO]   Resampled 25Hz → 50Hz (580 samples)
2026-04-09 17:19:05,831 [INFO]   → no fall  confidence=0.120  latency=4ms
2026-04-09 17:19:18,002 [INFO] Predict: patient=test_patient-001  device=6c:1d:eb:04:a9:e6  n_samples=230
2026-04-09 17:19:18,003 [INFO]   Resampled 25Hz → 50Hz (460 samples)
2026-04-09 17:19:18,005 [INFO]   → no fall  confidence=0.002  latency=2ms
2026-04-09 17:19:30,183 [INFO] Predict: patient=test_patient-001  device=6c:1d:eb:04:a9:e6  n_samples=302
2026-04-09 17:19:30,184 [INFO]   Resampled 25Hz → 50Hz (604 samples)
2026-04-09 17:19:30,186 [INFO]   → no fall  confidence=0.002  latency=3ms
2026-04-09 17:19:42,369 [INFO] Predict: patient=test_patient-001  device=6c:1d:eb:04:a9:e6  n_samples=250
2026-04-09 17:19:42,370 [INFO]   Resampled 25Hz → 50Hz (500 samples)
2026-04-09 17:19:42,372 [INFO]   → no fall  confidence=0.002  latency=2ms
2026-04-09 17:19:54,518 [INFO] Predict: patient=test_patient-001  device=6c:1d:eb:04:a9:e6  n_samples=315
2026-04-09 17:19:54,518 [INFO]   Resampled 25Hz → 50Hz (630 samples)
2026-04-09 17:19:54,520 [INFO]   → no fall  confidence=0.002  latency=2ms
2026-04-09 17:20:06,695 [INFO] Predict: patient=test_patient-001  device=6c:1d:eb:04:a9:e6  n_samples=264
2026-04-09 17:20:06,696 [INFO]   Resampled 25Hz → 50Hz (528 samples)
2026-04-09 17:20:06,699 [INFO]   → no fall  confidence=0.002  latency=3ms
2026-04-09 17:20:18,878 [INFO] Predict: patient=test_patient-001  device=6c:1d:eb:04:a9:e6  n_samples=329
2026-04-09 17:20:18,879 [INFO]   Resampled 25Hz → 50Hz (658 samples)
2026-04-09 17:20:18,881 [INFO]   → no fall  confidence=0.006  latency=3ms
2026-04-09 17:20:31,049 [INFO] Predict: patient=test_patient-001  device=6c:1d:eb:04:a9:e6  n_samples=278
2026-04-09 17:20:31,049 [INFO]   Resampled 25Hz → 50Hz (556 samples)
2026-04-09 17:20:31,051 [INFO]   → no fall  confidence=0.002  latency=2ms
2026-04-09 17:20:43,271 [INFO] Predict: patient=test_patient-001  device=6c:1d:eb:04:a9:e6  n_samples=224
2026-04-09 17:20:43,272 [INFO]   Resampled 25Hz → 50Hz (448 samples)
2026-04-09 17:20:55,448 [INFO] Predict: patient=test_patient-001  device=6c:1d:eb:04:a9:e6  n_samples=323
2026-04-09 17:20:55,448 [INFO]   Resampled 25Hz → 50Hz (646 samples)
2026-04-09 17:20:55,451 [INFO]   → no fall  confidence=0.002  latency=3ms
2026-04-09 17:21:07,618 [INFO] Predict: patient=test_patient-001  device=6c:1d:eb:04:a9:e6  n_samples=271
2026-04-09 17:21:07,619 [INFO]   Resampled 25Hz → 50Hz (542 samples)
2026-04-09 17:21:07,622 [INFO]   → no fall  confidence=0.002  latency=4ms
2026-04-09 17:21:19,790 [INFO] Predict: patient=test_patient-001  device=6c:1d:eb:04:a9:e6  n_samples=349
2026-04-09 17:21:19,791 [INFO]   Resampled 25Hz → 50Hz (698 samples)
2026-04-09 17:21:19,794 [INFO]   → no fall  confidence=0.002  latency=3ms
2026-04-09 17:21:31,960 [INFO] Predict: patient=test_patient-001  device=6c:1d:eb:04:a9:e6  n_samples=291
2026-04-09 17:21:31,961 [INFO]   Resampled 25Hz → 50Hz (582 samples)
2026-04-09 17:21:31,963 [INFO]   → no fall  confidence=0.007  latency=2ms
2026-04-09 17:21:44,167 [INFO] Predict: patient=test_patient-001  device=6c:1d:eb:04:a9:e6  n_samples=357
2026-04-09 17:21:44,168 [INFO]   Resampled 25Hz → 50Hz (714 samples)
2026-04-09 17:21:44,170 [INFO]   → no fall  confidence=0.002  latency=3ms
2026-04-09 17:21:56,360 [INFO] Predict: patient=test_patient-001  device=6c:1d:eb:04:a9:e6  n_samples=317
2026-04-09 17:21:56,360 [INFO]   Resampled 25Hz → 50Hz (634 samples)
2026-04-09 17:21:56,363 [INFO]   → no fall  confidence=0.002  latency=2ms
2026-04-09 17:22:08,892 [INFO] Predict: patient=test_patient-001  device=6c:1d:eb:04:a9:e6  n_samples=251
2026-04-09 17:22:08,893 [INFO]   Resampled 25Hz → 50Hz (502 samples)
2026-04-09 17:22:08,896 [INFO]   → no fall  confidence=0.002  latency=3ms
2026-04-09 17:22:21,065 [INFO] Predict: patient=test_patient-001  device=6c:1d:eb:04:a9:e6  n_samples=310
2026-04-09 17:22:21,066 [INFO]   Resampled 25Hz → 50Hz (620 samples)
2026-04-09 17:22:21,069 [INFO]   → no fall  confidence=0.002  latency=3ms
2026-04-09 17:22:33,247 [INFO] Predict: patient=test_patient-001  device=6c:1d:eb:04:a9:e6  n_samples=255
2026-04-09 17:22:33,247 [INFO]   Resampled 25Hz → 50Hz (510 samples)
2026-04-09 17:22:33,250 [INFO]   → no fall  confidence=0.017  latency=3ms
2026-04-09 17:22:45,465 [INFO] Predict: patient=test_patient-001  device=6c:1d:eb:04:a9:e6  n_samples=320
2026-04-09 17:22:45,466 [INFO]   Resampled 25Hz → 50Hz (640 samples)
2026-04-09 17:22:45,468 [INFO]   → no fall  confidence=0.002  latency=2ms
